

==================================================================================
=== CALIBRE::ERC-H SUMMARY REPORT
===
Execution Date/Time:          Thu Dec  5 19:32:18 2019
Calibre Version:              v2013.4_26.18    Fri Dec 13 14:55:29 PST 2013
Rule File Pathname:           /home/bxl1703/Pyxis_SPT_HEP/ic_projects/Pyxis_SPT/digicdesign/MAC_BIST/MAC_BIST.cal/_LVS_
Rule File Title:              
Layout System:                GDSII
Layout Path(s):               MAC_BIST.calibre.gds
Layout Primary Cell:          MAC_BIST
Current Directory:            /home/bxl1703/Pyxis_SPT_HEP/ic_projects/Pyxis_SPT/digicdesign/MAC_BIST/MAC_BIST.cal
User Name:                    bxl1703
Maximum Results/ERC Check:    1000
Maximum ERC Result Vertices:  4096
ERC PATHCHK Results Database: svdb/MAC_BIST.pathchk.erc
ERC PATHCHK Report:           svdb/MAC_BIST.pathchk.rep
Layout Depth:                 ALL
Text Depth:                   PRIMARY
Summary Report File:          erc.summary (REPLACE)
Geometry Flagging:            ACUTE = NO  SKEW = YES  ANGLED = NO  OFFGRID = YES
                              NONSIMPLE POLYGON = NO  NONSIMPLE PATH = NO
Excluded Cells:              
CheckText Mapping:            COMMENT TEXT + RULE FILE INFORMATION
Layers:                       MEMORY-BASED
Keep Empty Checks:            YES
----------------------------------------------------------------------------------
--- RUNTIME WARNINGS
---
Path endsegment length 0.035 at location (1.75,7.175) in cell aoi22 on layer 31 datatype 0 is less than 1/2 of path width 0.21.
Path endsegment length 0.035 at location (2.8,7.175) in cell aoi22 on layer 31 datatype 0 is less than 1/2 of path width 0.21.
Path endsegment length 0.055 at location (2.19,7.175) in cell aoi221 on layer 31 datatype 0 is less than 1/2 of path width 0.21.
Path endsegment length 0.055 at location (1.14,7.175) in cell aoi221 on layer 31 datatype 0 is less than 1/2 of path width 0.21.
Path endsegment length 0.015 at location (2.24,7.175) in cell ao22 on layer 31 datatype 0 is less than 1/2 of path width 0.21.
Path endsegment length 0.015 at location (1.19,7.175) in cell ao22 on layer 31 datatype 0 is less than 1/2 of path width 0.21.
Path endsegment length 0.015 at location (1.435,5.845) in cell ao22 on layer 17 datatype 0 is less than 1/2 of path width 0.14.
Layer 6 contains unmapped objects and is the source layer of LAYER MAP == 6 DATATYPE == 3.
Layer 31 contains unmapped objects and is the source layer of LAYER MAP == 31 DATATYPE == 1.
Layer 31 contains unmapped objects and is the source layer of LAYER MAP == 31 DATATYPE == 2.
Layer 32 contains unmapped objects and is the source layer of LAYER MAP == 32 DATATYPE == 1.
Layer 32 contains unmapped objects and is the source layer of LAYER MAP == 32 DATATYPE == 2.
Layer 33 contains unmapped objects and is the source layer of LAYER MAP == 33 DATATYPE == 1.
Layer 33 contains unmapped objects and is the source layer of LAYER MAP == 33 DATATYPE == 2.
Layer 34 contains unmapped objects and is the source layer of LAYER MAP == 34 DATATYPE == 1.
Layer 34 contains unmapped objects and is the source layer of LAYER MAP == 34 DATATYPE == 2.
Layer 35 contains unmapped objects and is the source layer of LAYER MAP == 35 DATATYPE == 1.
Layer 35 contains unmapped objects and is the source layer of LAYER MAP == 35 DATATYPE == 2.
Layer 36 contains unmapped objects and is the source layer of LAYER MAP == 36 DATATYPE == 1.
Layer 36 contains unmapped objects and is the source layer of LAYER MAP == 36 DATATYPE == 2.
Layer 37 contains unmapped objects and is the source layer of LAYER MAP == 37 DATATYPE == 1.
Layer 37 contains unmapped objects and is the source layer of LAYER MAP == 37 DATATYPE == 2.
Invalid PATHCHK request "GROUND && ! POWER": no GROUND nets present, operation aborted.
Invalid PATHCHK request "POWER && ! GROUND": no GROUND nets present, operation aborted.
Invalid PATHCHK request "! POWER && ! GROUND": no GROUND nets present, operation aborted.
----------------------------------------------------------------------------------
--- ORIGINAL LAYER STATISTICS
---
LAYER RHDMY ..... TOTAL Original Geometry Count = 0    (0)
LAYER POLYG ..... TOTAL Original Geometry Count = 3856 (51312)
LAYER RPO ....... TOTAL Original Geometry Count = 0    (0)
LAYER RODMY ..... TOTAL Original Geometry Count = 0    (0)
LAYER OD ........ TOTAL Original Geometry Count = 459  (18036)
LAYER RPDMY ..... TOTAL Original Geometry Count = 0    (0)
LAYER NWDMY ..... TOTAL Original Geometry Count = 0    (0)
LAYER NWELL ..... TOTAL Original Geometry Count = 67   (2441)
LAYER NP ........ TOTAL Original Geometry Count = 74   (3115)
LAYER OD2 ....... TOTAL Original Geometry Count = 0    (0)
LAYER NTN ....... TOTAL Original Geometry Count = 0    (0)
LAYER VTL_N ..... TOTAL Original Geometry Count = 0    (0)
LAYER VTH_N ..... TOTAL Original Geometry Count = 0    (0)
LAYER DNW ....... TOTAL Original Geometry Count = 0    (0)
LAYER PSUB2 ..... TOTAL Original Geometry Count = 0    (0)
LAYER RFDUMMY ... TOTAL Original Geometry Count = 0    (0)
LAYER CONT ...... TOTAL Original Geometry Count = 3102 (56148)
LAYER VARDMY .... TOTAL Original Geometry Count = 0    (0)
LAYER PP ........ TOTAL Original Geometry Count = 80   (3223)
LAYER VTL_P ..... TOTAL Original Geometry Count = 0    (0)
LAYER VTH_P ..... TOTAL Original Geometry Count = 0    (0)
LAYER DIODMY .... TOTAL Original Geometry Count = 0    (0)
LAYER BJTDMY .... TOTAL Original Geometry Count = 0    (0)
LAYER DUM1 ...... TOTAL Original Geometry Count = 0    (0)
LAYER M1 ........ TOTAL Original Geometry Count = 7202 (48162)
LAYER M1SLOT .... TOTAL Original Geometry Count = 0    (0)
LAYER RMDMY ..... TOTAL Original Geometry Count = 0    (0)
LAYER DUM2 ...... TOTAL Original Geometry Count = 0    (0)
LAYER M2 ........ TOTAL Original Geometry Count = 6632 (6632)
LAYER M2SLOT .... TOTAL Original Geometry Count = 0    (0)
LAYER DUM3 ...... TOTAL Original Geometry Count = 0    (0)
LAYER M3 ........ TOTAL Original Geometry Count = 4220 (4220)
LAYER M3SLOT .... TOTAL Original Geometry Count = 0    (0)
LAYER DUM4 ...... TOTAL Original Geometry Count = 0    (0)
LAYER M4 ........ TOTAL Original Geometry Count = 540  (540)
LAYER M4SLOT .... TOTAL Original Geometry Count = 0    (0)
LAYER DUM5 ...... TOTAL Original Geometry Count = 0    (0)
LAYER M5 ........ TOTAL Original Geometry Count = 233  (233)
LAYER M5SLOT .... TOTAL Original Geometry Count = 0    (0)
LAYER DUM6 ...... TOTAL Original Geometry Count = 0    (0)
LAYER M6 ........ TOTAL Original Geometry Count = 13   (13)
LAYER M6SLOT .... TOTAL Original Geometry Count = 0    (0)
LAYER DUM7 ...... TOTAL Original Geometry Count = 0    (0)
LAYER M7 ........ TOTAL Original Geometry Count = 9    (9)
LAYER M7SLOT .... TOTAL Original Geometry Count = 0    (0)
LAYER DUM8 ...... TOTAL Original Geometry Count = 0    (0)
LAYER M8 ........ TOTAL Original Geometry Count = 0    (0)
LAYER M8SLOT .... TOTAL Original Geometry Count = 0    (0)
LAYER INDDMY .... TOTAL Original Geometry Count = 0    (0)
LAYER VIA7 ...... TOTAL Original Geometry Count = 0    (0)
LAYER CTM ....... TOTAL Original Geometry Count = 0    (0)
LAYER POLY2 ..... TOTAL Original Geometry Count = 0    (0)
LAYER DRAIN ..... TOTAL Original Geometry Count = 0    (0)
LAYER RSDMY ..... TOTAL Original Geometry Count = 0    (0)
LAYER MGDMY ..... TOTAL Original Geometry Count = 0    (0)
LAYER NPN1DMY ... TOTAL Original Geometry Count = 0    (0)
LAYER NPN2DMY ... TOTAL Original Geometry Count = 0    (0)
LAYER NPN3DMY ... TOTAL Original Geometry Count = 0    (0)
LAYER PNP1DMY ... TOTAL Original Geometry Count = 0    (0)
LAYER PNP2DMY ... TOTAL Original Geometry Count = 0    (0)
LAYER PNP3DMY ... TOTAL Original Geometry Count = 0    (0)
LAYER var_lvs ... TOTAL Original Geometry Count = 0    (0)
LAYER VIA1 ...... TOTAL Original Geometry Count = 2739 (2739)
LAYER VIA2 ...... TOTAL Original Geometry Count = 2567 (2567)
LAYER VIA3 ...... TOTAL Original Geometry Count = 268  (268)
LAYER VIA4 ...... TOTAL Original Geometry Count = 154  (154)
LAYER VIA5 ...... TOTAL Original Geometry Count = 7    (7)
LAYER VIA6 ...... TOTAL Original Geometry Count = 6    (6)
----------------------------------------------------------------------------------
--- RULECHECK RESULTS STATISTICS
---
----------------------------------------------------------------------------------
--- ERC PATHCHK RESULTS STATISTICS
---
  PATHCHK ! LABELED:
    TOTAL POLYGON Results: 596
    TOTAL NET Results:     153
----------------------------------------------------------------------------------
--- SUMMARY
---
TOTAL CPU Time:                              5
TOTAL REAL Time:                             5
TOTAL Original Layer Geometries:             32228 (199825)
TOTAL ERC PATHCHK Operations Executed:       4
TOTAL ERC PATHCHK POLYGON Results Generated: 596 (596)
TOTAL ERC PATHCHK NET Results Generated:     153
